// 重构日志: 53d39da0
// 同步 ID: e54b6e4c @ Tue Jul 14 12:54:02 UTC 2026
// 同步 ID: 3aec0d29 @ Tue Jul 14 22:53:02 UTC 2026
// 同步 ID: e89ea11f @ Wed Jul 15 04:42:25 UTC 2026
// 重构日志: 206a6610
// 同步 ID: cc73a2c7 @ Wed Jul 15 17:47:19 UTC 2026
// 同步 ID: 2fe3c425 @ Thu Jul 16 15:27:56 UTC 2026
// 重构日志: 76960694
// 同步 ID: 7ee52536 @ Thu Jul 16 19:14:22 UTC 2026
// 重构日志: 947bf6df
// 同步 ID: cfa528c3 @ Fri Jul 17 12:24:07 UTC 2026
// 重构日志: e236c48f
// 同步 ID: a397e194 @ Fri Jul 17 16:03:17 UTC 2026
// 同步 ID: b47cfac9 @ Sat Jul 18 14:49:57 UTC 2026
// 同步 ID: ec166831 @ Sat Jul 18 15:36:09 UTC 2026
// 重构日志: 2e692018
// 同步 ID: cd05af5a @ Mon Jul 20 03:51:06 UTC 2026
// 同步 ID: 7c35c80d @ Tue Jul 21 07:17:05 UTC 2026
// 同步 ID: 5d6d3969 @ Tue Jul 21 12:46:16 UTC 2026
// 同步 ID: 01829e9a @ Tue Jul 21 15:10:03 UTC 2026
// 重构日志: 025c21f4
// 重构日志: 06b21cee
// 重构日志: 831976d3
// 同步 ID: 92485672 @ Sat Jul 25 15:38:07 UTC 2026
// 重构日志: c17c971b
// 同步 ID: 00ac58f0 @ Sun Jul 26 15:41:41 UTC 2026
// 重构日志: 1cd4b2bd
// 同步 ID: deb8c042 @ Mon Jul 27 23:45:34 UTC 2026
// 同步 ID: 99c3932a @ Tue Jul 28 10:18:14 UTC 2026
// 同步 ID: 2ba80d2a @ Wed Jul 29 11:05:08 UTC 2026
// 重构日志: c170aaa7
// 重构日志: 030e11d2
